00:00.504  blend            | Read blend: "/home/morpheus/Documents/Morpheus-Produktion/Benchmarks/MorphRig/GPT-6-Astra/MorphRig/source/Character_Master.blend"
ANIMATION 01/96 idle_relaxed: 109 frames
ANIMATION 02/96 idle_combat: 85 frames
ANIMATION 03/96 idle_wounded: 103 frames
ANIMATION 04/96 walk_f: 25 frames
ANIMATION 05/96 walk_fl: 25 frames
ANIMATION 06/96 walk_l: 25 frames
ANIMATION 07/96 walk_bl: 25 frames
ANIMATION 08/96 walk_b: 25 frames
ANIMATION 09/96 walk_br: 25 frames
ANIMATION 10/96 walk_r: 25 frames
ANIMATION 11/96 walk_fr: 25 frames
ANIMATION 12/96 run_f: 22 frames
ANIMATION 13/96 run_fl: 22 frames
ANIMATION 14/96 run_l: 22 frames
ANIMATION 15/96 run_bl: 22 frames
ANIMATION 16/96 run_b: 22 frames
ANIMATION 17/96 run_br: 22 frames
ANIMATION 18/96 run_r: 22 frames
ANIMATION 19/96 run_fr: 22 frames
ANIMATION 20/96 sprint_f: 19 frames
ANIMATION 21/96 start_f: 22 frames
ANIMATION 22/96 stop_f: 22 frames
ANIMATION 23/96 turn_l90: 25 frames
ANIMATION 24/96 turn_r90: 25 frames
ANIMATION 25/96 pivot_l180: 25 frames
ANIMATION 26/96 pivot_r180: 25 frames
ANIMATION 27/96 jump_start: 19 frames
ANIMATION 28/96 jump_air: 25 frames
ANIMATION 29/96 jump_land: 22 frames
ANIMATION 30/96 fall: 28 frames
ANIMATION 31/96 land_heavy: 31 frames
ANIMATION 32/96 dash_f: 16 frames
ANIMATION 33/96 dash_b: 16 frames
ANIMATION 34/96 dash_l: 16 frames
ANIMATION 35/96 dash_r: 16 frames
ANIMATION 36/96 blink_out: 13 frames
ANIMATION 37/96 blink_in: 13 frames
ANIMATION 38/96 melee_1: 25 frames
ANIMATION 39/96 melee_2: 28 frames
ANIMATION 40/96 melee_3: 34 frames
ANIMATION 41/96 ranged_fire: 10 frames
ANIMATION 42/96 ranged_burst: 19 frames
ANIMATION 43/96 reload: 70 frames
ANIMATION 44/96 cast_directional: 28 frames
ANIMATION 45/96 cast_ground: 37 frames
ANIMATION 46/96 cast_self: 28 frames
ANIMATION 47/96 channel_start: 19 frames
ANIMATION 48/96 channel_loop: 49 frames
ANIMATION 49/96 channel_end: 19 frames
ANIMATION 50/96 channel_interrupt: 13 frames
ANIMATION 51/96 charge_start: 25 frames
ANIMATION 52/96 charge_hold: 37 frames
ANIMATION 53/96 charge_release: 25 frames
ANIMATION 54/96 charge_cancel: 16 frames
ANIMATION 55/96 deploy: 55 frames
ANIMATION 56/96 uplink_start: 25 frames
ANIMATION 57/96 uplink_loop: 49 frames
ANIMATION 58/96 uplink_end: 22 frames
ANIMATION 59/96 uplink_cancel: 16 frames
ANIMATION 60/96 hit_f: 13 frames
ANIMATION 61/96 hit_b: 13 frames
ANIMATION 62/96 hit_l: 13 frames
ANIMATION 63/96 hit_r: 13 frames
ANIMATION 64/96 stun_start: 22 frames
ANIMATION 65/96 stun_loop: 55 frames
ANIMATION 66/96 stun_end: 31 frames
ANIMATION 67/96 knockback: 25 frames
ANIMATION 68/96 knockup_start: 19 frames
ANIMATION 69/96 knockup_air: 25 frames
ANIMATION 70/96 knockdown_front: 34 frames
ANIMATION 71/96 knockdown_back: 37 frames
ANIMATION 72/96 prone_front: 61 frames
ANIMATION 73/96 prone_back: 61 frames
ANIMATION 74/96 getup_front: 67 frames
ANIMATION 75/96 getup_back: 76 frames
ANIMATION 76/96 sleep_start: 73 frames
ANIMATION 77/96 sleep_loop: 85 frames
ANIMATION 78/96 sleep_end: 79 frames
ANIMATION 79/96 death_front: 64 frames
ANIMATION 80/96 death_back: 73 frames
ANIMATION 81/96 dead_front: 2 frames
ANIMATION 82/96 dead_back: 2 frames
ANIMATION 83/96 respawn: 73 frames
ANIMATION 84/96 greet: 67 frames
ANIMATION 85/96 victory: 85 frames
ANIMATION 86/96 defeat: 76 frames
ANIMATION 87/96 dialogue: 421 frames
ANIMATION 88/96 aim_down_left: 2 frames
ANIMATION 89/96 aim_down_center: 2 frames
ANIMATION 90/96 aim_down_right: 2 frames
ANIMATION 91/96 aim_level_left: 2 frames
ANIMATION 92/96 aim_level_center: 2 frames
ANIMATION 93/96 aim_level_right: 2 frames
ANIMATION 94/96 aim_up_left: 2 frames
ANIMATION 95/96 aim_up_center: 2 frames
ANIMATION 96/96 aim_up_right: 2 frames
Info: Saved as "Operative.blend"
Blender 5.1.1

Blender quit
