00:00.612  blend            | Read blend: "/home/morpheus/Documents/Morpheus-Produktion/Benchmarks/MorphRig/GPT-6-Astra/MorphRig/source/Operative.blend"

FBX export starting... '/home/morpheus/Documents/Morpheus-Produktion/Benchmarks/MorphRig/GPT-6-Astra/MorphRig/export/animations/deploy.fbx'
export finished in 0.2601 sec.
EXPORTED CLIP deploy

FBX export starting... '/home/morpheus/Documents/Morpheus-Produktion/Benchmarks/MorphRig/GPT-6-Astra/MorphRig/export/animations/knockdown_front.fbx'
export finished in 0.2459 sec.
EXPORTED CLIP knockdown_front

FBX export starting... '/home/morpheus/Documents/Morpheus-Produktion/Benchmarks/MorphRig/GPT-6-Astra/MorphRig/export/animations/knockdown_back.fbx'
export finished in 0.2555 sec.
EXPORTED CLIP knockdown_back

FBX export starting... '/home/morpheus/Documents/Morpheus-Produktion/Benchmarks/MorphRig/GPT-6-Astra/MorphRig/export/animations/prone_front.fbx'
export finished in 0.2829 sec.
EXPORTED CLIP prone_front

FBX export starting... '/home/morpheus/Documents/Morpheus-Produktion/Benchmarks/MorphRig/GPT-6-Astra/MorphRig/export/animations/prone_back.fbx'
export finished in 0.3368 sec.
EXPORTED CLIP prone_back

FBX export starting... '/home/morpheus/Documents/Morpheus-Produktion/Benchmarks/MorphRig/GPT-6-Astra/MorphRig/export/animations/getup_front.fbx'
export finished in 0.2728 sec.
EXPORTED CLIP getup_front

FBX export starting... '/home/morpheus/Documents/Morpheus-Produktion/Benchmarks/MorphRig/GPT-6-Astra/MorphRig/export/animations/getup_back.fbx'
export finished in 0.3121 sec.
EXPORTED CLIP getup_back

FBX export starting... '/home/morpheus/Documents/Morpheus-Produktion/Benchmarks/MorphRig/GPT-6-Astra/MorphRig/export/animations/sleep_start.fbx'
export finished in 0.3043 sec.
EXPORTED CLIP sleep_start

FBX export starting... '/home/morpheus/Documents/Morpheus-Produktion/Benchmarks/MorphRig/GPT-6-Astra/MorphRig/export/animations/sleep_loop.fbx'
export finished in 0.3322 sec.
EXPORTED CLIP sleep_loop

FBX export starting... '/home/morpheus/Documents/Morpheus-Produktion/Benchmarks/MorphRig/GPT-6-Astra/MorphRig/export/animations/sleep_end.fbx'
export finished in 0.3259 sec.
EXPORTED CLIP sleep_end

FBX export starting... '/home/morpheus/Documents/Morpheus-Produktion/Benchmarks/MorphRig/GPT-6-Astra/MorphRig/export/animations/death_back.fbx'
export finished in 0.2936 sec.
EXPORTED CLIP death_back

FBX export starting... '/home/morpheus/Documents/Morpheus-Produktion/Benchmarks/MorphRig/GPT-6-Astra/MorphRig/export/animations/dead_front.fbx'
export finished in 0.1929 sec.
EXPORTED CLIP dead_front

FBX export starting... '/home/morpheus/Documents/Morpheus-Produktion/Benchmarks/MorphRig/GPT-6-Astra/MorphRig/export/animations/dead_back.fbx'
export finished in 0.1685 sec.
EXPORTED CLIP dead_back

FBX export starting... '/home/morpheus/Documents/Morpheus-Produktion/Benchmarks/MorphRig/GPT-6-Astra/MorphRig/export/animations/death_front.fbx'
export finished in 0.2708 sec.
EXPORTED CLIP death_front
EXPORT COMPLETE
Blender 5.1.1

Blender quit
