00:01.742  blend            | Read blend: "/home/morpheus/Documents/Morpheus-Produktion/Benchmarks/MorphRig/GPT-6-Astra/MorphRig/source/Operative.blend"
{
  "max_sum_visemes": 1.0001,
  "redundant_alias_keys_enabled": false,
  "closed_lip_frames": [
    79,
    80,
    121,
    231,
    272,
    273,
    274,
    345,
    381,
    382,
    383,
    384,
    399,
    400,
    401
  ],
  "peak_open_vowel_frames": [
    59,
    60,
    61,
    86,
    123,
    124,
    129,
    141,
    149,
    150,
    151,
    152,
    168,
    188,
    189,
    190,
    191,
    192,
    193,
    194,
    195,
    196,
    283,
    284,
    342,
    347,
    348,
    349,
    360,
    361,
    362,
    363,
    364,
    365,
    366
  ]
}
Info: Saved as "Operative.blend"
Blender 5.1.1

Blender quit
