00:00.533  blend            | Read blend: "/home/morpheus/Documents/Morpheus-Produktion/Benchmarks/MorphRig/GPT-6-Astra/MorphRig/source/Operative.blend"

FBX export starting... '/home/morpheus/Documents/Morpheus-Produktion/Benchmarks/MorphRig/GPT-6-Astra/MorphRig/export/Operative.fbx'
export finished in 0.1643 sec.
EXPORTED MESH /home/morpheus/Documents/Morpheus-Produktion/Benchmarks/MorphRig/GPT-6-Astra/MorphRig/export/Operative.fbx

FBX export starting... '/home/morpheus/Documents/Morpheus-Produktion/Benchmarks/MorphRig/GPT-6-Astra/MorphRig/export/Operative_LOD1.fbx'
export finished in 0.0941 sec.
EXPORTED MESH /home/morpheus/Documents/Morpheus-Produktion/Benchmarks/MorphRig/GPT-6-Astra/MorphRig/export/Operative_LOD1.fbx

FBX export starting... '/home/morpheus/Documents/Morpheus-Produktion/Benchmarks/MorphRig/GPT-6-Astra/MorphRig/export/Operative_LOD2.fbx'
export finished in 0.0678 sec.
EXPORTED MESH /home/morpheus/Documents/Morpheus-Produktion/Benchmarks/MorphRig/GPT-6-Astra/MorphRig/export/Operative_LOD2.fbx

FBX export starting... '/home/morpheus/Documents/Morpheus-Produktion/Benchmarks/MorphRig/GPT-6-Astra/MorphRig/export/animations/idle_relaxed.fbx'
export finished in 0.3547 sec.
EXPORTED CLIP idle_relaxed

FBX export starting... '/home/morpheus/Documents/Morpheus-Produktion/Benchmarks/MorphRig/GPT-6-Astra/MorphRig/export/animations/idle_combat.fbx'
export finished in 0.3163 sec.
EXPORTED CLIP idle_combat

FBX export starting... '/home/morpheus/Documents/Morpheus-Produktion/Benchmarks/MorphRig/GPT-6-Astra/MorphRig/export/animations/idle_wounded.fbx'
export finished in 0.3450 sec.
EXPORTED CLIP idle_wounded

FBX export starting... '/home/morpheus/Documents/Morpheus-Produktion/Benchmarks/MorphRig/GPT-6-Astra/MorphRig/export/animations/walk_f.fbx'
export finished in 0.2609 sec.
EXPORTED CLIP walk_f

FBX export starting... '/home/morpheus/Documents/Morpheus-Produktion/Benchmarks/MorphRig/GPT-6-Astra/MorphRig/export/animations/walk_fl.fbx'
export finished in 0.2299 sec.
EXPORTED CLIP walk_fl

FBX export starting... '/home/morpheus/Documents/Morpheus-Produktion/Benchmarks/MorphRig/GPT-6-Astra/MorphRig/export/animations/walk_l.fbx'
export finished in 0.2109 sec.
EXPORTED CLIP walk_l

FBX export starting... '/home/morpheus/Documents/Morpheus-Produktion/Benchmarks/MorphRig/GPT-6-Astra/MorphRig/export/animations/walk_bl.fbx'
export finished in 0.2397 sec.
EXPORTED CLIP walk_bl

FBX export starting... '/home/morpheus/Documents/Morpheus-Produktion/Benchmarks/MorphRig/GPT-6-Astra/MorphRig/export/animations/walk_b.fbx'
export finished in 0.2311 sec.
EXPORTED CLIP walk_b

FBX export starting... '/home/morpheus/Documents/Morpheus-Produktion/Benchmarks/MorphRig/GPT-6-Astra/MorphRig/export/animations/walk_br.fbx'
export finished in 0.2319 sec.
EXPORTED CLIP walk_br

FBX export starting... '/home/morpheus/Documents/Morpheus-Produktion/Benchmarks/MorphRig/GPT-6-Astra/MorphRig/export/animations/walk_r.fbx'
export finished in 0.2495 sec.
EXPORTED CLIP walk_r

FBX export starting... '/home/morpheus/Documents/Morpheus-Produktion/Benchmarks/MorphRig/GPT-6-Astra/MorphRig/export/animations/walk_fr.fbx'
export finished in 0.2361 sec.
EXPORTED CLIP walk_fr

FBX export starting... '/home/morpheus/Documents/Morpheus-Produktion/Benchmarks/MorphRig/GPT-6-Astra/MorphRig/export/animations/run_f.fbx'
export finished in 0.2585 sec.
EXPORTED CLIP run_f

FBX export starting... '/home/morpheus/Documents/Morpheus-Produktion/Benchmarks/MorphRig/GPT-6-Astra/MorphRig/export/animations/run_fl.fbx'
export finished in 0.2321 sec.
EXPORTED CLIP run_fl

FBX export starting... '/home/morpheus/Documents/Morpheus-Produktion/Benchmarks/MorphRig/GPT-6-Astra/MorphRig/export/animations/run_l.fbx'
export finished in 0.2330 sec.
EXPORTED CLIP run_l

FBX export starting... '/home/morpheus/Documents/Morpheus-Produktion/Benchmarks/MorphRig/GPT-6-Astra/MorphRig/export/animations/run_bl.fbx'
export finished in 0.2135 sec.
EXPORTED CLIP run_bl

FBX export starting... '/home/morpheus/Documents/Morpheus-Produktion/Benchmarks/MorphRig/GPT-6-Astra/MorphRig/export/animations/run_b.fbx'
export finished in 0.2235 sec.
EXPORTED CLIP run_b

FBX export starting... '/home/morpheus/Documents/Morpheus-Produktion/Benchmarks/MorphRig/GPT-6-Astra/MorphRig/export/animations/run_br.fbx'
export finished in 0.2304 sec.
EXPORTED CLIP run_br

FBX export starting... '/home/morpheus/Documents/Morpheus-Produktion/Benchmarks/MorphRig/GPT-6-Astra/MorphRig/export/animations/run_r.fbx'
export finished in 0.2353 sec.
EXPORTED CLIP run_r

FBX export starting... '/home/morpheus/Documents/Morpheus-Produktion/Benchmarks/MorphRig/GPT-6-Astra/MorphRig/export/animations/run_fr.fbx'
export finished in 0.2488 sec.
EXPORTED CLIP run_fr

FBX export starting... '/home/morpheus/Documents/Morpheus-Produktion/Benchmarks/MorphRig/GPT-6-Astra/MorphRig/export/animations/sprint_f.fbx'
export finished in 0.2202 sec.
EXPORTED CLIP sprint_f

FBX export starting... '/home/morpheus/Documents/Morpheus-Produktion/Benchmarks/MorphRig/GPT-6-Astra/MorphRig/export/animations/start_f.fbx'
export finished in 0.2339 sec.
EXPORTED CLIP start_f

FBX export starting... '/home/morpheus/Documents/Morpheus-Produktion/Benchmarks/MorphRig/GPT-6-Astra/MorphRig/export/animations/stop_f.fbx'
export finished in 0.2249 sec.
EXPORTED CLIP stop_f

FBX export starting... '/home/morpheus/Documents/Morpheus-Produktion/Benchmarks/MorphRig/GPT-6-Astra/MorphRig/export/animations/turn_l90.fbx'
export finished in 0.2122 sec.
EXPORTED CLIP turn_l90

FBX export starting... '/home/morpheus/Documents/Morpheus-Produktion/Benchmarks/MorphRig/GPT-6-Astra/MorphRig/export/animations/turn_r90.fbx'
export finished in 0.2273 sec.
EXPORTED CLIP turn_r90

FBX export starting... '/home/morpheus/Documents/Morpheus-Produktion/Benchmarks/MorphRig/GPT-6-Astra/MorphRig/export/animations/pivot_l180.fbx'
export finished in 0.2188 sec.
EXPORTED CLIP pivot_l180

FBX export starting... '/home/morpheus/Documents/Morpheus-Produktion/Benchmarks/MorphRig/GPT-6-Astra/MorphRig/export/animations/pivot_r180.fbx'
export finished in 0.2503 sec.
EXPORTED CLIP pivot_r180

FBX export starting... '/home/morpheus/Documents/Morpheus-Produktion/Benchmarks/MorphRig/GPT-6-Astra/MorphRig/export/animations/jump_start.fbx'
export finished in 0.2246 sec.
EXPORTED CLIP jump_start

FBX export starting... '/home/morpheus/Documents/Morpheus-Produktion/Benchmarks/MorphRig/GPT-6-Astra/MorphRig/export/animations/jump_air.fbx'
export finished in 0.2394 sec.
EXPORTED CLIP jump_air

FBX export starting... '/home/morpheus/Documents/Morpheus-Produktion/Benchmarks/MorphRig/GPT-6-Astra/MorphRig/export/animations/jump_land.fbx'
export finished in 0.2125 sec.
EXPORTED CLIP jump_land

FBX export starting... '/home/morpheus/Documents/Morpheus-Produktion/Benchmarks/MorphRig/GPT-6-Astra/MorphRig/export/animations/fall.fbx'
export finished in 0.2341 sec.
EXPORTED CLIP fall

FBX export starting... '/home/morpheus/Documents/Morpheus-Produktion/Benchmarks/MorphRig/GPT-6-Astra/MorphRig/export/animations/land_heavy.fbx'
export finished in 0.2235 sec.
EXPORTED CLIP land_heavy

FBX export starting... '/home/morpheus/Documents/Morpheus-Produktion/Benchmarks/MorphRig/GPT-6-Astra/MorphRig/export/animations/dash_f.fbx'
export finished in 0.2060 sec.
EXPORTED CLIP dash_f

FBX export starting... '/home/morpheus/Documents/Morpheus-Produktion/Benchmarks/MorphRig/GPT-6-Astra/MorphRig/export/animations/dash_b.fbx'
export finished in 0.2112 sec.
EXPORTED CLIP dash_b

FBX export starting... '/home/morpheus/Documents/Morpheus-Produktion/Benchmarks/MorphRig/GPT-6-Astra/MorphRig/export/animations/dash_l.fbx'
export finished in 0.2029 sec.
EXPORTED CLIP dash_l

FBX export starting... '/home/morpheus/Documents/Morpheus-Produktion/Benchmarks/MorphRig/GPT-6-Astra/MorphRig/export/animations/dash_r.fbx'
export finished in 0.1971 sec.
EXPORTED CLIP dash_r

FBX export starting... '/home/morpheus/Documents/Morpheus-Produktion/Benchmarks/MorphRig/GPT-6-Astra/MorphRig/export/animations/blink_out.fbx'
export finished in 0.1985 sec.
EXPORTED CLIP blink_out

FBX export starting... '/home/morpheus/Documents/Morpheus-Produktion/Benchmarks/MorphRig/GPT-6-Astra/MorphRig/export/animations/blink_in.fbx'
export finished in 0.2087 sec.
EXPORTED CLIP blink_in

FBX export starting... '/home/morpheus/Documents/Morpheus-Produktion/Benchmarks/MorphRig/GPT-6-Astra/MorphRig/export/animations/melee_1.fbx'
export finished in 0.2304 sec.
EXPORTED CLIP melee_1

FBX export starting... '/home/morpheus/Documents/Morpheus-Produktion/Benchmarks/MorphRig/GPT-6-Astra/MorphRig/export/animations/melee_2.fbx'
export finished in 0.2379 sec.
EXPORTED CLIP melee_2

FBX export starting... '/home/morpheus/Documents/Morpheus-Produktion/Benchmarks/MorphRig/GPT-6-Astra/MorphRig/export/animations/melee_3.fbx'
export finished in 0.2621 sec.
EXPORTED CLIP melee_3

FBX export starting... '/home/morpheus/Documents/Morpheus-Produktion/Benchmarks/MorphRig/GPT-6-Astra/MorphRig/export/animations/ranged_fire.fbx'
export finished in 0.2042 sec.
EXPORTED CLIP ranged_fire

FBX export starting... '/home/morpheus/Documents/Morpheus-Produktion/Benchmarks/MorphRig/GPT-6-Astra/MorphRig/export/animations/ranged_burst.fbx'
export finished in 0.2177 sec.
EXPORTED CLIP ranged_burst

FBX export starting... '/home/morpheus/Documents/Morpheus-Produktion/Benchmarks/MorphRig/GPT-6-Astra/MorphRig/export/animations/reload.fbx'
export finished in 0.3043 sec.
EXPORTED CLIP reload

FBX export starting... '/home/morpheus/Documents/Morpheus-Produktion/Benchmarks/MorphRig/GPT-6-Astra/MorphRig/export/animations/cast_directional.fbx'
export finished in 0.2179 sec.
EXPORTED CLIP cast_directional

FBX export starting... '/home/morpheus/Documents/Morpheus-Produktion/Benchmarks/MorphRig/GPT-6-Astra/MorphRig/export/animations/cast_ground.fbx'
export finished in 0.2616 sec.
EXPORTED CLIP cast_ground

FBX export starting... '/home/morpheus/Documents/Morpheus-Produktion/Benchmarks/MorphRig/GPT-6-Astra/MorphRig/export/animations/cast_self.fbx'
export finished in 0.2330 sec.
EXPORTED CLIP cast_self

FBX export starting... '/home/morpheus/Documents/Morpheus-Produktion/Benchmarks/MorphRig/GPT-6-Astra/MorphRig/export/animations/channel_start.fbx'
export finished in 0.2264 sec.
EXPORTED CLIP channel_start

FBX export starting... '/home/morpheus/Documents/Morpheus-Produktion/Benchmarks/MorphRig/GPT-6-Astra/MorphRig/export/animations/channel_loop.fbx'
export finished in 0.2741 sec.
EXPORTED CLIP channel_loop

FBX export starting... '/home/morpheus/Documents/Morpheus-Produktion/Benchmarks/MorphRig/GPT-6-Astra/MorphRig/export/animations/channel_end.fbx'
export finished in 0.2180 sec.
EXPORTED CLIP channel_end

FBX export starting... '/home/morpheus/Documents/Morpheus-Produktion/Benchmarks/MorphRig/GPT-6-Astra/MorphRig/export/animations/channel_interrupt.fbx'
export finished in 0.1981 sec.
EXPORTED CLIP channel_interrupt

FBX export starting... '/home/morpheus/Documents/Morpheus-Produktion/Benchmarks/MorphRig/GPT-6-Astra/MorphRig/export/animations/charge_start.fbx'
export finished in 0.2193 sec.
EXPORTED CLIP charge_start

FBX export starting... '/home/morpheus/Documents/Morpheus-Produktion/Benchmarks/MorphRig/GPT-6-Astra/MorphRig/export/animations/charge_hold.fbx'
export finished in 0.2567 sec.
EXPORTED CLIP charge_hold

FBX export starting... '/home/morpheus/Documents/Morpheus-Produktion/Benchmarks/MorphRig/GPT-6-Astra/MorphRig/export/animations/charge_release.fbx'
export finished in 0.2410 sec.
EXPORTED CLIP charge_release

FBX export starting... '/home/morpheus/Documents/Morpheus-Produktion/Benchmarks/MorphRig/GPT-6-Astra/MorphRig/export/animations/charge_cancel.fbx'
export finished in 0.2128 sec.
EXPORTED CLIP charge_cancel

FBX export starting... '/home/morpheus/Documents/Morpheus-Produktion/Benchmarks/MorphRig/GPT-6-Astra/MorphRig/export/animations/uplink_start.fbx'
export finished in 0.2436 sec.
EXPORTED CLIP uplink_start

FBX export starting... '/home/morpheus/Documents/Morpheus-Produktion/Benchmarks/MorphRig/GPT-6-Astra/MorphRig/export/animations/uplink_loop.fbx'
export finished in 0.2624 sec.
EXPORTED CLIP uplink_loop

FBX export starting... '/home/morpheus/Documents/Morpheus-Produktion/Benchmarks/MorphRig/GPT-6-Astra/MorphRig/export/animations/uplink_end.fbx'
export finished in 0.2188 sec.
EXPORTED CLIP uplink_end

FBX export starting... '/home/morpheus/Documents/Morpheus-Produktion/Benchmarks/MorphRig/GPT-6-Astra/MorphRig/export/animations/uplink_cancel.fbx'
export finished in 0.1975 sec.
EXPORTED CLIP uplink_cancel

FBX export starting... '/home/morpheus/Documents/Morpheus-Produktion/Benchmarks/MorphRig/GPT-6-Astra/MorphRig/export/animations/hit_f.fbx'
export finished in 0.2042 sec.
EXPORTED CLIP hit_f

FBX export starting... '/home/morpheus/Documents/Morpheus-Produktion/Benchmarks/MorphRig/GPT-6-Astra/MorphRig/export/animations/hit_b.fbx'
export finished in 0.1913 sec.
EXPORTED CLIP hit_b

FBX export starting... '/home/morpheus/Documents/Morpheus-Produktion/Benchmarks/MorphRig/GPT-6-Astra/MorphRig/export/animations/hit_l.fbx'
export finished in 0.2015 sec.
EXPORTED CLIP hit_l

FBX export starting... '/home/morpheus/Documents/Morpheus-Produktion/Benchmarks/MorphRig/GPT-6-Astra/MorphRig/export/animations/hit_r.fbx'
export finished in 0.2426 sec.
EXPORTED CLIP hit_r

FBX export starting... '/home/morpheus/Documents/Morpheus-Produktion/Benchmarks/MorphRig/GPT-6-Astra/MorphRig/export/animations/stun_start.fbx'
export finished in 0.2339 sec.
EXPORTED CLIP stun_start

FBX export starting... '/home/morpheus/Documents/Morpheus-Produktion/Benchmarks/MorphRig/GPT-6-Astra/MorphRig/export/animations/stun_loop.fbx'
export finished in 0.2812 sec.
EXPORTED CLIP stun_loop

FBX export starting... '/home/morpheus/Documents/Morpheus-Produktion/Benchmarks/MorphRig/GPT-6-Astra/MorphRig/export/animations/stun_end.fbx'
export finished in 0.2368 sec.
EXPORTED CLIP stun_end

FBX export starting... '/home/morpheus/Documents/Morpheus-Produktion/Benchmarks/MorphRig/GPT-6-Astra/MorphRig/export/animations/knockback.fbx'
export finished in 0.2204 sec.
EXPORTED CLIP knockback

FBX export starting... '/home/morpheus/Documents/Morpheus-Produktion/Benchmarks/MorphRig/GPT-6-Astra/MorphRig/export/animations/knockup_start.fbx'
export finished in 0.2290 sec.
EXPORTED CLIP knockup_start

FBX export starting... '/home/morpheus/Documents/Morpheus-Produktion/Benchmarks/MorphRig/GPT-6-Astra/MorphRig/export/animations/knockup_air.fbx'
export finished in 0.2368 sec.
EXPORTED CLIP knockup_air

FBX export starting... '/home/morpheus/Documents/Morpheus-Produktion/Benchmarks/MorphRig/GPT-6-Astra/MorphRig/export/animations/respawn.fbx'
export finished in 0.3408 sec.
EXPORTED CLIP respawn

FBX export starting... '/home/morpheus/Documents/Morpheus-Produktion/Benchmarks/MorphRig/GPT-6-Astra/MorphRig/export/animations/greet.fbx'
export finished in 0.2808 sec.
EXPORTED CLIP greet

FBX export starting... '/home/morpheus/Documents/Morpheus-Produktion/Benchmarks/MorphRig/GPT-6-Astra/MorphRig/export/animations/victory.fbx'
export finished in 0.3210 sec.
EXPORTED CLIP victory

FBX export starting... '/home/morpheus/Documents/Morpheus-Produktion/Benchmarks/MorphRig/GPT-6-Astra/MorphRig/export/animations/defeat.fbx'
export finished in 0.3049 sec.
EXPORTED CLIP defeat

FBX export starting... '/home/morpheus/Documents/Morpheus-Produktion/Benchmarks/MorphRig/GPT-6-Astra/MorphRig/export/animations/dialogue.fbx'
export finished in 0.8073 sec.
EXPORTED CLIP dialogue

FBX export starting... '/home/morpheus/Documents/Morpheus-Produktion/Benchmarks/MorphRig/GPT-6-Astra/MorphRig/export/animations/aim_down_left.fbx'
export finished in 0.2086 sec.
EXPORTED CLIP aim_down_left

FBX export starting... '/home/morpheus/Documents/Morpheus-Produktion/Benchmarks/MorphRig/GPT-6-Astra/MorphRig/export/animations/aim_down_center.fbx'
export finished in 0.2172 sec.
EXPORTED CLIP aim_down_center

FBX export starting... '/home/morpheus/Documents/Morpheus-Produktion/Benchmarks/MorphRig/GPT-6-Astra/MorphRig/export/animations/aim_down_right.fbx'
export finished in 0.2305 sec.
EXPORTED CLIP aim_down_right

FBX export starting... '/home/morpheus/Documents/Morpheus-Produktion/Benchmarks/MorphRig/GPT-6-Astra/MorphRig/export/animations/aim_level_left.fbx'
export finished in 0.2390 sec.
EXPORTED CLIP aim_level_left

FBX export starting... '/home/morpheus/Documents/Morpheus-Produktion/Benchmarks/MorphRig/GPT-6-Astra/MorphRig/export/animations/aim_level_center.fbx'
export finished in 0.1850 sec.
EXPORTED CLIP aim_level_center

FBX export starting... '/home/morpheus/Documents/Morpheus-Produktion/Benchmarks/MorphRig/GPT-6-Astra/MorphRig/export/animations/aim_level_right.fbx'
export finished in 0.1854 sec.
EXPORTED CLIP aim_level_right

FBX export starting... '/home/morpheus/Documents/Morpheus-Produktion/Benchmarks/MorphRig/GPT-6-Astra/MorphRig/export/animations/aim_up_left.fbx'
export finished in 0.2013 sec.
EXPORTED CLIP aim_up_left

FBX export starting... '/home/morpheus/Documents/Morpheus-Produktion/Benchmarks/MorphRig/GPT-6-Astra/MorphRig/export/animations/aim_up_center.fbx'
export finished in 0.1811 sec.
EXPORTED CLIP aim_up_center

FBX export starting... '/home/morpheus/Documents/Morpheus-Produktion/Benchmarks/MorphRig/GPT-6-Astra/MorphRig/export/animations/aim_up_right.fbx'
export finished in 0.1931 sec.
EXPORTED CLIP aim_up_right

FBX export starting... '/home/morpheus/Documents/Morpheus-Produktion/Benchmarks/MorphRig/GPT-6-Astra/MorphRig/export/animations/knockdown_front.fbx'
export finished in 0.2585 sec.
EXPORTED CLIP knockdown_front

FBX export starting... '/home/morpheus/Documents/Morpheus-Produktion/Benchmarks/MorphRig/GPT-6-Astra/MorphRig/export/animations/knockdown_back.fbx'
export finished in 0.2922 sec.
EXPORTED CLIP knockdown_back

FBX export starting... '/home/morpheus/Documents/Morpheus-Produktion/Benchmarks/MorphRig/GPT-6-Astra/MorphRig/export/animations/prone_front.fbx'
export finished in 0.2832 sec.
EXPORTED CLIP prone_front

FBX export starting... '/home/morpheus/Documents/Morpheus-Produktion/Benchmarks/MorphRig/GPT-6-Astra/MorphRig/export/animations/prone_back.fbx'
export finished in 0.2900 sec.
EXPORTED CLIP prone_back

FBX export starting... '/home/morpheus/Documents/Morpheus-Produktion/Benchmarks/MorphRig/GPT-6-Astra/MorphRig/export/animations/getup_front.fbx'
export finished in 0.3035 sec.
EXPORTED CLIP getup_front

FBX export starting... '/home/morpheus/Documents/Morpheus-Produktion/Benchmarks/MorphRig/GPT-6-Astra/MorphRig/export/animations/getup_back.fbx'
export finished in 0.3111 sec.
EXPORTED CLIP getup_back

FBX export starting... '/home/morpheus/Documents/Morpheus-Produktion/Benchmarks/MorphRig/GPT-6-Astra/MorphRig/export/animations/sleep_start.fbx'
export finished in 0.3415 sec.
EXPORTED CLIP sleep_start

FBX export starting... '/home/morpheus/Documents/Morpheus-Produktion/Benchmarks/MorphRig/GPT-6-Astra/MorphRig/export/animations/sleep_loop.fbx'
export finished in 0.3345 sec.
EXPORTED CLIP sleep_loop

FBX export starting... '/home/morpheus/Documents/Morpheus-Produktion/Benchmarks/MorphRig/GPT-6-Astra/MorphRig/export/animations/sleep_end.fbx'
export finished in 0.3529 sec.
EXPORTED CLIP sleep_end

FBX export starting... '/home/morpheus/Documents/Morpheus-Produktion/Benchmarks/MorphRig/GPT-6-Astra/MorphRig/export/animations/death_back.fbx'
export finished in 0.3052 sec.
EXPORTED CLIP death_back

FBX export starting... '/home/morpheus/Documents/Morpheus-Produktion/Benchmarks/MorphRig/GPT-6-Astra/MorphRig/export/animations/dead_front.fbx'
export finished in 0.1909 sec.
EXPORTED CLIP dead_front

FBX export starting... '/home/morpheus/Documents/Morpheus-Produktion/Benchmarks/MorphRig/GPT-6-Astra/MorphRig/export/animations/dead_back.fbx'
export finished in 0.1918 sec.
EXPORTED CLIP dead_back

FBX export starting... '/home/morpheus/Documents/Morpheus-Produktion/Benchmarks/MorphRig/GPT-6-Astra/MorphRig/export/animations/death_front.fbx'
export finished in 0.3013 sec.
EXPORTED CLIP death_front

FBX export starting... '/home/morpheus/Documents/Morpheus-Produktion/Benchmarks/MorphRig/GPT-6-Astra/MorphRig/export/animations/deploy.fbx'
export finished in 0.2822 sec.
EXPORTED CLIP deploy
EXPORT COMPLETE
Blender 5.1.1

Blender quit
