00:01.804  blend            | Read blend: "/home/morpheus/Documents/Morpheus-Produktion/Benchmarks/MorphRig/GPT-6-Astra/MorphRig/source/Operative.blend"
REFINED GRIP idle_relaxed
REFINED GRIP idle_combat
REFINED GRIP idle_wounded
REFINED GRIP walk_f
REFINED GRIP walk_fl
REFINED GRIP walk_l
REFINED GRIP walk_bl
REFINED GRIP walk_b
REFINED GRIP walk_br
REFINED GRIP walk_r
REFINED GRIP walk_fr
REFINED GRIP run_f
REFINED GRIP run_fl
REFINED GRIP run_l
REFINED GRIP run_bl
REFINED GRIP run_b
REFINED GRIP run_br
REFINED GRIP run_r
REFINED GRIP run_fr
REFINED GRIP sprint_f
REFINED GRIP start_f
REFINED GRIP stop_f
REFINED GRIP turn_l90
REFINED GRIP turn_r90
REFINED GRIP pivot_l180
REFINED GRIP pivot_r180
REFINED GRIP jump_start
REFINED GRIP jump_air
REFINED GRIP jump_land
REFINED GRIP fall
REFINED GRIP land_heavy
REFINED GRIP dash_f
REFINED GRIP dash_b
REFINED GRIP dash_l
REFINED GRIP dash_r
REFINED GRIP blink_out
REFINED GRIP blink_in
REFINED GRIP melee_1
REFINED GRIP melee_2
REFINED GRIP melee_3
REFINED GRIP ranged_fire
REFINED GRIP ranged_burst
REFINED GRIP reload
REFINED GRIP cast_directional
REFINED GRIP cast_ground
REFINED GRIP cast_self
REFINED GRIP channel_start
REFINED GRIP channel_loop
REFINED GRIP channel_end
REFINED GRIP channel_interrupt
REFINED GRIP charge_start
REFINED GRIP charge_hold
REFINED GRIP charge_release
REFINED GRIP charge_cancel
REFINED GRIP deploy
REFINED GRIP uplink_start
REFINED GRIP uplink_loop
REFINED GRIP uplink_end
REFINED GRIP uplink_cancel
REFINED GRIP hit_f
REFINED GRIP hit_b
REFINED GRIP hit_l
REFINED GRIP hit_r
REFINED GRIP stun_start
REFINED GRIP stun_loop
REFINED GRIP stun_end
REFINED GRIP knockback
REFINED GRIP knockup_start
REFINED GRIP knockup_air
REFINED GRIP knockdown_front
REFINED GRIP knockdown_back
REFINED GRIP prone_front
REFINED GRIP prone_back
REFINED GRIP getup_front
REFINED GRIP getup_back
REFINED GRIP sleep_start
REFINED GRIP sleep_loop
REFINED GRIP sleep_end
REFINED GRIP death_front
REFINED GRIP death_back
REFINED GRIP dead_front
REFINED GRIP dead_back
REFINED GRIP respawn
REFINED GRIP greet
REFINED GRIP victory
REFINED GRIP defeat
REFINED GRIP dialogue
REFINED GRIP aim_down_left
REFINED GRIP aim_down_center
REFINED GRIP aim_down_right
REFINED GRIP aim_level_left
REFINED GRIP aim_level_center
REFINED GRIP aim_level_right
REFINED GRIP aim_up_left
REFINED GRIP aim_up_center
REFINED GRIP aim_up_right
Info: Saved as "Operative.blend"
Blender 5.1.1

Blender quit
