00:00.547  blend            | Read blend: "/home/morpheus/Documents/Morpheus-Produktion/Benchmarks/MorphRig/GPT-6-Astra/MorphRig/source/Character_Master.blend"
Traceback (most recent call last):
  File "/home/morpheus/Documents/Morpheus-Produktion/Benchmarks/MorphRig/GPT-6-Astra/MorphRig/source/generators/inspect_character.py", line 11, in <module>
    print(t,kind,[(min(verts[i][j] for i in ids),max(verts[i][j] for i in ids)) for j in range(3)])
                   ~~~^^^^^^^^^^^^^^^^^^^^^^^^^^
  File "/home/morpheus/Documents/Morpheus-Produktion/Benchmarks/MorphRig/GPT-6-Astra/MorphRig/source/generators/inspect_character.py", line 11, in <genexpr>
    print(t,kind,[(min(verts[i][j] for i in ids),max(verts[i][j] for i in ids)) for j in range(3)])
                       ~~~~~^^^
IndexError: list index out of range
face original [(-0.07494999999999999, 0.07494999999999999), (-0.10434720877397885, 0.07992500000000002), (1.576, 1.8)]
face mesh [(-0.07495000213384628, 0.07495000213384628), (-0.10434720665216446, 0.07992500066757202), (1.5759999752044678, 1.7999999523162842)]
face evaluated [(-0.07495000213384628, 0.07495000213384628), (-0.10434720665216446, 0.07992500066757202), (1.5759999752044678, 1.7999999523162842)]
lip original [(-0.03125062957406044, 0.03125062957406044), (-0.08183889091014862, -0.06179359555244446), (1.6133077144622803, 1.6327669620513916)]
lip mesh [(-0.027845092117786407, 0.0285611804574728), (-0.055777452886104584, 0.015440127812325954), (1.6226792335510254, 1.6449998617172241)]
lip evaluated [(-0.027845092117786407, 0.0285611804574728), (-0.055777452886104584, 0.015440127812325954), (1.6226792335510254, 1.6449998617172241)]
oral_cavity original [(-0.029, 0.029), (-0.057999999999999996, 0.015999999999999997), (1.59100013323955, 1.6449998667604502)]
oral_cavity mesh [(-0.028999999165534973, 0.028999999165534973), (-0.062291696667671204, 0.01600000075995922), (1.5910000801086426, 1.628999948501587)]
oral_cavity evaluated [(-0.028999999165534973, 0.028999999165534973), (-0.062291696667671204, 0.01600000075995922), (1.5910000801086426, 1.628999948501587)]
eyeball.L original [(0.013000000000000001, 0.049), (-0.06999999999999999, -0.034), (1.6760000838915685, 1.7099999161084316)]
eyeball.L mesh [(0.013000000268220901, 0.04899999871850014), (-0.07129999995231628, -0.03400000184774399), (1.6760001182556152, 1.700703501701355)]
eyeball.L evaluated [(0.013000000268220901, 0.04899999871850014), (-0.07129999995231628, -0.03400000184774399), (1.6760001182556152, 1.700703501701355)]
hair original [(-0.07488295615878665, 0.07488295615878665), (-0.06138655748382057, 0.08267852622047317), (1.693, 1.8)]
Blender 5.1.1

Blender quit
