/home/morpheus/Documents/Morpheus-Produktion/Benchmarks/MorphRig/GPT-6.1-Sol/source/generators/build_character.py:14: DeprecationWarning: 'World.use_nodes' is expected to be removed in Blender 6.0
  world=bpy.data.worlds.new('Neutral studio');world.use_nodes=True;world.node_tree.nodes['Background'].inputs[0].default_value=(.095,.12,.16,1);world.node_tree.nodes['Background'].inputs[1].default_value=.5;scene.world=world
/home/morpheus/Documents/Morpheus-Produktion/Benchmarks/MorphRig/GPT-6.1-Sol/source/generators/build_character.py:15: DeprecationWarning: 'Material.use_nodes' is expected to be removed in Blender 6.0
  bpy.ops.mesh.primitive_plane_add(size=200,location=(0,0,-.003));floor=bpy.context.object;floor.name='Presentation_Floor';m=bpy.data.materials.new('Studio_floor');m.diffuse_color=(.095,.115,.14,1);m.use_nodes=True;m.node_tree.nodes['Principled BSDF'].inputs['Base Color'].default_value=(.075,.09,.12,1);m.node_tree.nodes['Principled BSDF'].inputs['Roughness'].default_value=.78;floor.data.materials.append(m)
AUTHORED 1 idle_relaxed 91
AUTHORED 2 idle_combat 85
AUTHORED 3 idle_wounded 97
AUTHORED 4 walk_f 25
AUTHORED 5 walk_fl 25
AUTHORED 6 walk_l 25
AUTHORED 7 walk_bl 25
AUTHORED 8 walk_b 25
AUTHORED 9 walk_br 25
AUTHORED 10 walk_r 25
AUTHORED 11 walk_fr 25
AUTHORED 12 run_f 19
AUTHORED 13 run_fl 19
AUTHORED 14 run_l 19
AUTHORED 15 run_bl 19
AUTHORED 16 run_b 19
AUTHORED 17 run_br 19
AUTHORED 18 run_r 19
AUTHORED 19 run_fr 19
AUTHORED 20 sprint_f 13
AUTHORED 21 start_f 19
AUTHORED 22 stop_f 22
AUTHORED 23 turn_l90 25
AUTHORED 24 turn_r90 25
AUTHORED 25 pivot_l180 28
AUTHORED 26 pivot_r180 28
AUTHORED 27 jump_start 22
AUTHORED 28 jump_air 22
AUTHORED 29 jump_land 25
AUTHORED 30 fall 25
AUTHORED 31 land_heavy 34
AUTHORED 32 dash_f 16
AUTHORED 33 dash_b 16
AUTHORED 34 dash_l 16
AUTHORED 35 dash_r 16
AUTHORED 36 blink_out 13
AUTHORED 37 blink_in 16
AUTHORED 38 melee_1 28
AUTHORED 39 melee_2 31
AUTHORED 40 melee_3 34
AUTHORED 41 ranged_fire 13
AUTHORED 42 ranged_burst 22
AUTHORED 43 reload 67
AUTHORED 44 cast_directional 28
AUTHORED 45 cast_ground 37
AUTHORED 46 cast_self 28
AUTHORED 47 channel_start 19
AUTHORED 48 channel_loop 37
AUTHORED 49 channel_end 19
AUTHORED 50 channel_interrupt 16
AUTHORED 51 charge_start 25
AUTHORED 52 charge_hold 31
AUTHORED 53 charge_release 25
AUTHORED 54 charge_cancel 19
AUTHORED 55 deploy 49
AUTHORED 56 uplink_start 28
AUTHORED 57 uplink_loop 46
AUTHORED 58 uplink_end 22
AUTHORED 59 uplink_cancel 19
AUTHORED 60 hit_f 13
AUTHORED 61 hit_b 13
AUTHORED 62 hit_l 13
AUTHORED 63 hit_r 13
AUTHORED 64 stun_start 37
AUTHORED 65 stun_loop 61
AUTHORED 66 stun_end 34
AUTHORED 67 knockback 40
AUTHORED 68 knockup_start 25
AUTHORED 69 knockup_air 28
AUTHORED 70 knockdown_front 55
AUTHORED 71 knockdown_back 58
AUTHORED 72 prone_front 61
AUTHORED 73 prone_back 61
AUTHORED 74 getup_front 82
AUTHORED 75 getup_back 85
AUTHORED 76 sleep_start 67
AUTHORED 77 sleep_loop 76
AUTHORED 78 sleep_end 67
AUTHORED 79 death_front 82
AUTHORED 80 death_back 88
AUTHORED 81 dead_front 2
AUTHORED 82 dead_back 2
AUTHORED 83 respawn 76
AUTHORED 84 greet 73
AUTHORED 85 victory 91
AUTHORED 86 defeat 85
AUTHORED 87 dialogue 408
AUTHORED 88 aim_down_left 2
AUTHORED 89 aim_down_center 2
AUTHORED 90 aim_down_right 2
AUTHORED 91 aim_level_left 2
AUTHORED 92 aim_level_center 2
AUTHORED 93 aim_level_right 2
AUTHORED 94 aim_up_left 2
AUTHORED 95 aim_up_center 2
AUTHORED 96 aim_up_right 2
Blender 5.1.1
01:04.025  render           | Saved: '/home/morpheus/Documents/Morpheus-Produktion/Benchmarks/MorphRig/GPT-6.1-Sol/verification/neutral.png'
Info: Saved as "Operative.blend"
FINISHED SOURCE

Blender quit
