Log started at 09/30/2026 01:01:52 (2026-09-29T23:01:52Z)
Resolved project argument /home/morpheus/Documents/Morpheus-Produktion/Benchmarks/MorphRig/GPT-6.1-Sol/unreal/MorphRig.uproject to /home/morpheus/Documents/Morpheus-Produktion/Benchmarks/MorphRig/GPT-6.1-Sol/unreal/MorphRig.uproject
No config file at /usr/share/Unreal Engine/UnrealBuildTool/BuildConfiguration.xml
No config file at /home/morpheus/.local/share/Unreal Engine/UnrealBuildTool/BuildConfiguration.xml
No config file at /home/morpheus/Documents/Unreal Engine/UnrealBuildTool/BuildConfiguration.xml
Configuration will be read from:
  /home/morpheus/Documents/Morpheus-Produktion/Benchmarks/MorphRig/GPT-6.1-Sol/unreal/Saved/ConfigHome/Unreal Engine/UnrealBuildTool/BuildConfiguration.xml
Reading configuration file from: /home/morpheus/Documents/Morpheus-Produktion/Benchmarks/MorphRig/GPT-6.1-Sol/unreal/Saved/ConfigHome/Unreal Engine/UnrealBuildTool/BuildConfiguration.xml
Reading configuration file from: /home/morpheus/Documents/Morpheus-Produktion/Benchmarks/MorphRig/GPT-6.1-Sol/unreal/Saved/UnrealBuildTool/BuildConfiguration.xml
Reading configuration file from: /home/morpheus/Documents/Morpheus-Produktion/Benchmarks/MorphRig/GPT-6.1-Sol/unreal/Saved/ConfigHome/Epic/UnrealEngine/Intermediate/Build/UnrealBuildTool.Env.BuildConfiguration.xml
Log file: /home/morpheus/Documents/Morpheus-Produktion/Benchmarks/MorphRig/GPT-6.1-Sol/verification/logs/cpp_editor.log
Deleting old log file: /home/morpheus/Documents/Morpheus-Produktion/Benchmarks/MorphRig/GPT-6.1-Sol/verification/logs/cpp_editor-backup-2026.09.29-21.31.08.log
Deleting old log file: /home/morpheus/Documents/Morpheus-Produktion/Benchmarks/MorphRig/GPT-6.1-Sol/verification/logs/cpp_editor-backup-2026.09.29-21.31.08.json

Setting temp directory to '/home/morpheus/Documents/Morpheus-Produktion/Benchmarks/MorphRig/GPT-6.1-Sol/unreal/Saved/Temp/UnrealBuildTool/9d9858f8'
    Registering build platform: UnrealBuildTool.AndroidPlatformFactory
Unable to find valid SDK(s) for Android:
  Found Sdk Version, MinRequired=r27c, MaxRequired=r29.
  Found AutoSdk Version, Required=r27c.
        Registering build platform: Android - buildable: False
    Registering build platform: UnrealBuildTool.IOSPlatformFactory
    Registering build platform: UnrealBuildTool.LinuxPlatformFactory
Linux Installed SDK(s): Version_Sdk=v26_clang-20.1.8-rockylinux8, CurrentVersion_Sdk=v26_clang-20.1.8-rockylinux8, Version_AutoSdk=v26_clang-20.1.8-rockylinux8, CurrentVersion_AutoSdk=
        Registering build platform: Linux - buildable: True
LinuxArm64 Installed SDK(s): Version_Sdk=v26_clang-20.1.8-rockylinux8, CurrentVersion_Sdk=v26_clang-20.1.8-rockylinux8, Version_AutoSdk=v26_clang-20.1.8-rockylinux8, CurrentVersion_AutoSdk=
        Registering build platform: LinuxArm64 - buildable: True
    Registering build platform: UnrealBuildTool.MacPlatformFactory
    Registering build platform: UnrealBuildTool.TVOSPlatformFactory
    Registering build platform: UnrealBuildTool.WindowsPlatformFactory
    Registering build platform: UnrealBuildTool.VisionOSPlatformFactory
Command line: /home/morpheus/UnrealEngine/5.8.3/Engine/Binaries/DotNET/UnrealBuildTool/UnrealBuildTool.dll MorphRigEditor Linux Development -Project=/home/morpheus/Documents/Morpheus-Produktion/Benchmarks/MorphRig/GPT-6.1-Sol/unreal/MorphRig.uproject -NoEngineChanges -NoHotReloadFromIDE -Log=/home/morpheus/Documents/Morpheus-Produktion/Benchmarks/MorphRig/GPT-6.1-Sol/verification/logs/cpp_editor.log
Determining max actions to execute in parallel (16 physical cores, 32 logical cores)
  Executing up to 16 processes, one per physical core
UbaStorageServer - FileMapping backing: memfd
UbaStorageServer - Database loaded from /home/morpheus/.epic/UnrealBuildAccelerator/cas/casdb (v35) in <1ms (contained 0 entries estimated to 0b)
UbaServer - Listening on 0.0.0.0:1345
Skipping /home/morpheus/UnrealEngine/5.8.3/Engine/Intermediate/Build/BuildRules/UE5Rules.dll: File is installed
Skipping /home/morpheus/UnrealEngine/5.8.3/Engine/Intermediate/Build/BuildRules/UE5ProgramRules.dll: File is installed
Building UnrealEditor - MorphRigEditor - Linux - Development
UnrealHeaderTool needs to run because SavedTimestamp is older than HeaderFileTimestamp (/home/morpheus/Documents/Morpheus-Produktion/Benchmarks/MorphRig/GPT-6.1-Sol/unreal/Source/MorphRig/MorphAssetLibrary.h) for module MorphRig
Parsing headers for MorphRigEditor
  Running Internal UnrealHeaderTool /home/morpheus/Documents/Morpheus-Produktion/Benchmarks/MorphRig/GPT-6.1-Sol/unreal/MorphRig.uproject /home/morpheus/Documents/Morpheus-Produktion/Benchmarks/MorphRig/GPT-6.1-Sol/unreal/Intermediate/Build/Linux/MorphRigEditor/MorphRigEditor.uhtmanifest -WarningsAsErrors -installed
UHT compiled-in object format Default
Step - Parse Headers
Reading engine version from file: /home/morpheus/UnrealEngine/5.8.3/Engine/Source/Runtime/Launch/Resources/Version.h
Got engine version 5.8.3
Step - Populate symbol table
Step - Exports
       Exporter Stats skipped
       Exporter Json skipped
       Running exporter CodeGen
UHT processed MorphRigEditor in 1.541352 seconds (3 generated files written)
Building MorphRigEditor...
===== Toolchain Information =====
Using ISPC compiler (/home/morpheus/UnrealEngine/5.8.3/Engine/Source/ThirdParty/Intel/ISPC/bin/Linux/ispc)
  Intel(r) Implicit SPMD Program Compiler (Intel(r) ISPC), 1.24.0 (build commit  @ 20240919, LLVM 18.1.6)
Using Clang compiler 20.1.8 (/home/morpheus/UnrealEngine/5.8.3/Engine/Extras/ThirdPartyNotUE/SDKs/HostLinux/Linux_x64/v26_clang-20.1.8-rockylinux8/x86_64-unknown-linux-gnu/bin/clang++)
  clang version 20.1.8 (github.com/llvm/llvm-project 87f0227cb60147a26a1eeb4fb06e3b505e9c7261) Target: x86_64-unknown-linux-gnu Thread model: posix InstalledDir: /home/morpheus/UnrealEngine/5.8.3/Engine/Extras/ThirdPartyNotUE/SDKs/HostLinux/Linux_x64/v26_clang-20.1.8-rockylinux8/x86_64-unknown-linux-gnu/bin
Using Clang archiver (/home/morpheus/UnrealEngine/5.8.3/Engine/Extras/ThirdPartyNotUE/SDKs/HostLinux/Linux_x64/v26_clang-20.1.8-rockylinux8/x86_64-unknown-linux-gnu/bin/llvm-ar)
  LLVM (http://llvm.org/):   LLVM version 20.1.8   Optimized build.
Using toolchain located at '/home/morpheus/UnrealEngine/5.8.3/Engine/Extras/ThirdPartyNotUE/SDKs/HostLinux/Linux_x64/v26_clang-20.1.8-rockylinux8/x86_64-unknown-linux-gnu'
Using bundled libc++ standard C++ library.
Compressing debug files
=================================
Using Unreal Build Accelerator local executor to run 5 action(s)
  CPU 16 physical cores, 32 logical cores
  Memory 91.88 GB physical, 89.86 GB/187.88 GB committed
  UBA Storage capacity 40 GB
  UBA RootDir /home/morpheus/.epic/UnrealBuildAccelerator
Cache bucket 1371431955 used. Action: Compile Module.MorphRig.gen.cpp ()
Cache bucket 3210444918 used. Action: Compile MorphAnimInstance.cpp ()
Cache bucket 3444289189 used. Action: Link libUnrealEditor-MorphRig.so ()
All processes queued
[1/5] Compile Module.MorphRig.gen.cpp
[2/5] Compile MorphAnimInstance.cpp
[3/5] Compile MorphAssetLibrary.cpp
[4/5] Compile MorphShowcase.cpp
[5/5] Link libUnrealEditor-MorphRig.so

Total time in Unreal Build Accelerator local executor: 3.28 seconds
Output binary: /home/morpheus/UnrealEngine/5.8.3/Engine/Binaries/Linux/UnrealEditor
UbaStorageServer - Database saved in <1ms (0 file entries, 0 cas entries. deleted 0 dropped cas files)
WriteFileIfChanged() wrote 0 changed files of 1 requested writes.

Timeline:
[  0.000]  +0.336 Main
   0.007          [  0.006]  +0.062 Apply XmlConfig
   0.075          [  0.075]  +0.116 AddTelemetry
   0.226          [  0.226]  +0.110 RegisterPlatforms
[  0.344]  +0.013 ParseCommandLine
[  0.403]  +0.161 LoadMakefile
   0.436          [  0.032]  +0.021 EngineRulesPlugins
   0.459          [  0.055]  +0.045 EngineRulesFetchDirs
   0.515          [  0.111]  +0.012 EngineRulesAssembly
   0.528          [  0.124]  +0.000 ProgramRulesAssembly
   0.528          [  0.124]  +0.001 ProjectRulesAssembly
   0.530          [  0.126]  +0.098 CreateTargetRules
   0.568             0.164          [  0.037]  +0.000 FindPlugins
   0.575             0.171          [  0.044]  +0.023 MakefileValid
[  0.665]  +0.008 CppDependencyCache
[  0.677]  +0.057 MorphRigEditor Linux Development
[  0.735]  +1.632 UHTWait
   0.736          [  0.000]  +0.085 UHTManifest
   0.821          [  0.085]  +1.544 UHT
   2.366          [  1.630]  +0.014 UHTTimestamps
[  2.383]  +0.002 CppDependencyCache
[  2.386]  +0.043 Preparing ActionGraph
   2.391          [  0.005]  +0.002 LinkActions
   2.394             0.008          [  0.002]  +0.000 DetectActionGraphCycles
   2.395          [  0.008]  +0.000 GatherPrerequisiteActions
   2.396          [  0.009]  +0.000 CppDependencyCacheWait
   2.396          [  0.010]  +0.027 GatherOutdatedActions
   2.426          [  0.039]  +0.001 LinkActions
   2.426             0.039          [  0.000]  +0.000 DetectActionGraphCycles
   2.428          [  0.042]  +0.000 DeleteOutdatedProducedItems
   2.428          [  0.042]  +0.000 SaveActionHistory
   2.429          [  0.043]  +0.000 CreateDirectoriesForProducedItems
[  2.437]  +0.419 GarbageCollect
[  2.857]  +2.862 <unknown>
[  5.720]  +0.000 Deploying targets
[  5.720]  +0.000 DisconnectCache
[  5.729]  +0.000 SaveCasTable
[  5.730]  +0.036 Saving caches
[  5.767]  +0.001 TelemetryService.FlushEvents
[  5.769]

Result: Succeeded
Total execution time: 5.77 seconds
