Log started at 09/30/2026 01:25:26 (2026-09-29T23:25:26Z)
Resolved project argument /home/morpheus/Documents/Morpheus-Produktion/Benchmarks/MorphRig/GPT-6.1-Sol/unreal/MorphRig.uproject to /home/morpheus/Documents/Morpheus-Produktion/Benchmarks/MorphRig/GPT-6.1-Sol/unreal/MorphRig.uproject
No config file at /usr/share/Unreal Engine/UnrealBuildTool/BuildConfiguration.xml
No config file at /home/morpheus/.local/share/Unreal Engine/UnrealBuildTool/BuildConfiguration.xml
No config file at /home/morpheus/Documents/Unreal Engine/UnrealBuildTool/BuildConfiguration.xml
Configuration will be read from:
  /home/morpheus/Documents/Morpheus-Produktion/Benchmarks/MorphRig/GPT-6.1-Sol/unreal/Saved/ConfigHome/Unreal Engine/UnrealBuildTool/BuildConfiguration.xml
Reading configuration file from: /home/morpheus/Documents/Morpheus-Produktion/Benchmarks/MorphRig/GPT-6.1-Sol/unreal/Saved/ConfigHome/Unreal Engine/UnrealBuildTool/BuildConfiguration.xml
Reading configuration file from: /home/morpheus/Documents/Morpheus-Produktion/Benchmarks/MorphRig/GPT-6.1-Sol/unreal/Saved/UnrealBuildTool/BuildConfiguration.xml
Reading configuration file from: /home/morpheus/Documents/Morpheus-Produktion/Benchmarks/MorphRig/GPT-6.1-Sol/unreal/Saved/ConfigHome/Epic/UnrealEngine/Intermediate/Build/UnrealBuildTool.Env.BuildConfiguration.xml
Log file: /home/morpheus/Documents/Morpheus-Produktion/Benchmarks/MorphRig/GPT-6.1-Sol/verification/logs/cpp_editor.log
Deleting old log file: /home/morpheus/Documents/Morpheus-Produktion/Benchmarks/MorphRig/GPT-6.1-Sol/verification/logs/cpp_editor-backup-2026.09.29-21.51.28.log
Deleting old log file: /home/morpheus/Documents/Morpheus-Produktion/Benchmarks/MorphRig/GPT-6.1-Sol/verification/logs/cpp_editor-backup-2026.09.29-21.51.28.json

Setting temp directory to '/home/morpheus/Documents/Morpheus-Produktion/Benchmarks/MorphRig/GPT-6.1-Sol/unreal/Saved/Temp/UnrealBuildTool/9d9858f8'
    Registering build platform: UnrealBuildTool.AndroidPlatformFactory
Unable to find valid SDK(s) for Android:
  Found Sdk Version, MinRequired=r27c, MaxRequired=r29.
  Found AutoSdk Version, Required=r27c.
        Registering build platform: Android - buildable: False
    Registering build platform: UnrealBuildTool.IOSPlatformFactory
    Registering build platform: UnrealBuildTool.LinuxPlatformFactory
Linux Installed SDK(s): Version_Sdk=v26_clang-20.1.8-rockylinux8, CurrentVersion_Sdk=v26_clang-20.1.8-rockylinux8, Version_AutoSdk=v26_clang-20.1.8-rockylinux8, CurrentVersion_AutoSdk=
        Registering build platform: Linux - buildable: True
LinuxArm64 Installed SDK(s): Version_Sdk=v26_clang-20.1.8-rockylinux8, CurrentVersion_Sdk=v26_clang-20.1.8-rockylinux8, Version_AutoSdk=v26_clang-20.1.8-rockylinux8, CurrentVersion_AutoSdk=
        Registering build platform: LinuxArm64 - buildable: True
    Registering build platform: UnrealBuildTool.MacPlatformFactory
    Registering build platform: UnrealBuildTool.TVOSPlatformFactory
    Registering build platform: UnrealBuildTool.WindowsPlatformFactory
    Registering build platform: UnrealBuildTool.VisionOSPlatformFactory
Command line: /home/morpheus/UnrealEngine/5.8.3/Engine/Binaries/DotNET/UnrealBuildTool/UnrealBuildTool.dll MorphRigEditor Linux Development -Project=/home/morpheus/Documents/Morpheus-Produktion/Benchmarks/MorphRig/GPT-6.1-Sol/unreal/MorphRig.uproject -NoEngineChanges -NoHotReloadFromIDE -Log=/home/morpheus/Documents/Morpheus-Produktion/Benchmarks/MorphRig/GPT-6.1-Sol/verification/logs/cpp_editor.log
Determining max actions to execute in parallel (16 physical cores, 32 logical cores)
  Executing up to 16 processes, one per physical core
UbaStorageServer - FileMapping backing: memfd
UbaStorageServer - Database loaded from /home/morpheus/.epic/UnrealBuildAccelerator/cas/casdb (v35) in <1ms (contained 0 entries estimated to 0b)
UbaServer - Listening on 0.0.0.0:1345
Skipping /home/morpheus/UnrealEngine/5.8.3/Engine/Intermediate/Build/BuildRules/UE5Rules.dll: File is installed
Skipping /home/morpheus/UnrealEngine/5.8.3/Engine/Intermediate/Build/BuildRules/UE5ProgramRules.dll: File is installed
Building UnrealEditor - MorphRigEditor - Linux - Development
Generated code is up to date.
Building MorphRigEditor...
===== Toolchain Information =====
Using ISPC compiler (/home/morpheus/UnrealEngine/5.8.3/Engine/Source/ThirdParty/Intel/ISPC/bin/Linux/ispc)
  Intel(r) Implicit SPMD Program Compiler (Intel(r) ISPC), 1.24.0 (build commit  @ 20240919, LLVM 18.1.6)
Using Clang compiler 20.1.8 (/home/morpheus/UnrealEngine/5.8.3/Engine/Extras/ThirdPartyNotUE/SDKs/HostLinux/Linux_x64/v26_clang-20.1.8-rockylinux8/x86_64-unknown-linux-gnu/bin/clang++)
  clang version 20.1.8 (github.com/llvm/llvm-project 87f0227cb60147a26a1eeb4fb06e3b505e9c7261) Target: x86_64-unknown-linux-gnu Thread model: posix InstalledDir: /home/morpheus/UnrealEngine/5.8.3/Engine/Extras/ThirdPartyNotUE/SDKs/HostLinux/Linux_x64/v26_clang-20.1.8-rockylinux8/x86_64-unknown-linux-gnu/bin
Using Clang archiver (/home/morpheus/UnrealEngine/5.8.3/Engine/Extras/ThirdPartyNotUE/SDKs/HostLinux/Linux_x64/v26_clang-20.1.8-rockylinux8/x86_64-unknown-linux-gnu/bin/llvm-ar)
  LLVM (http://llvm.org/):   LLVM version 20.1.8   Optimized build.
Using toolchain located at '/home/morpheus/UnrealEngine/5.8.3/Engine/Extras/ThirdPartyNotUE/SDKs/HostLinux/Linux_x64/v26_clang-20.1.8-rockylinux8/x86_64-unknown-linux-gnu'
Using bundled libc++ standard C++ library.
Compressing debug files
=================================
Using Unreal Build Accelerator local executor to run 2 action(s)
  CPU 16 physical cores, 32 logical cores
  Memory 91.88 GB physical, 89.2 GB/187.88 GB committed
  UBA Storage capacity 40 GB
  UBA RootDir /home/morpheus/.epic/UnrealBuildAccelerator
Cache bucket 3210444918 used. Action: Compile MorphAnimInstance.cpp ()
Cache bucket 3444289189 used. Action: Link libUnrealEditor-MorphRig.so ()
All processes queued
[1/2] Compile MorphAnimInstance.cpp
[2/2] Link libUnrealEditor-MorphRig.so

Total time in Unreal Build Accelerator local executor: 2.66 seconds
Output binary: /home/morpheus/UnrealEngine/5.8.3/Engine/Binaries/Linux/UnrealEditor
UbaStorageServer - Database saved in <1ms (0 file entries, 0 cas entries. deleted 0 dropped cas files)
WriteFileIfChanged() wrote 0 changed files of 1 requested writes.

Timeline:
[  0.000]  +0.343 Main
   0.009          [  0.009]  +0.078 Apply XmlConfig
   0.092          [  0.092]  +0.152 AddTelemetry
   0.276          [  0.276]  +0.067 RegisterPlatforms
[  0.351]  +0.013 ParseCommandLine
[  0.415]  +0.150 LoadMakefile
   0.443          [  0.027]  +0.025 EngineRulesPlugins
   0.470          [  0.054]  +0.023 EngineRulesFetchDirs
   0.515          [  0.099]  +0.005 EngineRulesAssembly
   0.520          [  0.104]  +0.000 ProgramRulesAssembly
   0.521          [  0.105]  +0.006 ProjectRulesAssembly
   0.527          [  0.111]  +0.096 CreateTargetRules
   0.568             0.152          [  0.041]  +0.000 FindPlugins
   0.576             0.160          [  0.048]  +0.019 MakefileValid
[  0.660]  +0.006 CppDependencyCache
[  0.671]  +0.057 MorphRigEditor Linux Development
[  0.730]  +0.014 UHTWait
   0.731          [  0.000]  +0.012 UHTManifest
   0.743          [  0.013]  +0.017 UHTTimestamps
[  0.764]  +0.002 CppDependencyCache
[  0.766]  +0.049 Preparing ActionGraph
   0.771          [  0.005]  +0.002 LinkActions
   0.774             0.008          [  0.002]  +0.000 DetectActionGraphCycles
   0.775          [  0.008]  +0.000 GatherPrerequisiteActions
   0.776          [  0.009]  +0.000 CppDependencyCacheWait
   0.776          [  0.009]  +0.030 GatherOutdatedActions
   0.809          [  0.042]  +0.005 LinkActions
   0.809             0.042          [  0.000]  +0.000 DetectActionGraphCycles
   0.815          [  0.048]  +0.000 DeleteOutdatedProducedItems
   0.815          [  0.048]  +0.000 SaveActionHistory
   0.816          [  0.049]  +0.000 CreateDirectoriesForProducedItems
[  0.824]  +0.101 GarbageCollect
[  0.925]  +2.562 <unknown>
[  3.487]  +0.000 Deploying targets
[  3.488]  +0.000 DisconnectCache
[  3.496]  +0.000 SaveCasTable
[  3.497]  +0.036 Saving caches
[  3.535]  +0.001 TelemetryService.FlushEvents
[  3.537]

Result: Succeeded
Total execution time: 3.54 seconds
