00:00.471  blend            | Read blend: "/home/morpheus/Documents/Morpheus-Produktion/Benchmarks/MorphRig/GPT-6.1-Sol/source/Operative.blend"
rest
clavicle.L head (-0.035, 0.0, 1.39) tail (-0.19, -0.0, 1.39) scale (1.0, 1.0, 1.0) rot (0.7071, -0.0, 0.0, 0.7071)
upper_arm.L head (-0.19, -0.0, 1.39) tail (-0.3393, -0.0188, 1.1503) scale (1.0, 1.0, 1.0) rot (0.659, -0.496, -0.1803, 0.5359)
forearm.L head (-0.3393, -0.0188, 1.1503) tail (-0.4, -0.015, 0.94) scale (1.0, 1.0, 1.0) rot (0.6886, -0.5996, -0.1857, 0.3631)
hand.L head (-0.4, -0.015, 0.94) tail (-0.42, -0.035, 0.85) scale (1.0, 1.0, 1.0) rot (0.6277, -0.7599, -0.0, 0.1689)
thigh.L head (-0.1, -0.0, 0.94) tail (-0.0801, -0.006, 0.5296) scale (1.0, 1.0, 1.0) rot (0.4863, -0.5178, -0.5062, 0.4891)
shin.L head (-0.0801, -0.006, 0.5296) tail (-0.11, 0.0, 0.1) scale (1.0, 1.0, 1.0) rot (0.5286, -0.4873, -0.477, 0.5055)
foot.L head (-0.11, 0.0, 0.1) tail (-0.11, -0.14, 0.04) scale (1.0, 1.0, 1.0) rot (0.2011, -0.9796, -0.0, -0.0)
upper_arm.R head (0.19, -0.0, 1.39) tail (0.3393, -0.0188, 1.1503) scale (1.0, 1.0, 1.0) rot (0.659, -0.496, 0.1803, -0.5359)
raw [(1552, (-0.12928572297096252, 0.0, 1.3616666793823242)), (1553, (-0.13063473999500275, -0.013560916297137737, 1.3627482652664185)), (1554, (-0.13496056199073792, -0.02644183300435543, 1.3651962280273438))]
ev [(1552, (-0.12921425700187683, 0.040201663970947266, 1.3602931499481201)), (1553, (-0.12310155481100082, 0.02553326077759266, 1.3579294681549072)), (1554, (-0.12017392367124557, 0.009568961337208748, 1.3570951223373413))]
up
clavicle.L head (-0.035, 0.0, 1.39) tail (-0.19, -0.0, 1.39) scale (1.0, 1.0, 1.0) rot (0.7071, -0.0, 0.0, 0.7071)
upper_arm.L head (-0.19, -0.0, 1.39) tail (-0.1874, -0.1113, 1.6502) scale (1.0, 1.0, 1.0) rot (0.4978, 0.7578, 0.2359, 0.3497)
forearm.L head (-0.1874, -0.1113, 1.6502) tail (-0.2, -0.05, 1.86) scale (1.0, 1.0, 1.0) rot (0.682, 0.4917, 0.4182, 0.3439)
hand.L head (-0.2, -0.05, 1.86) tail (-0.22, -0.07, 1.77) scale (1.0, 1.0, 1.0) rot (0.6277, -0.7599, -0.0, 0.1689)
thigh.L head (-0.1, -0.0, 0.94) tail (-0.0801, -0.006, 0.5296) scale (1.0, 1.0, 1.0) rot (0.4863, -0.5178, -0.5062, 0.4891)
shin.L head (-0.0801, -0.006, 0.5296) tail (-0.11, 0.0, 0.1) scale (1.0, 1.0, 1.0) rot (0.5286, -0.4873, -0.477, 0.5055)
foot.L head (-0.11, 0.0, 0.1) tail (-0.11, -0.14, 0.04) scale (1.0, 1.0, 1.0) rot (0.2011, -0.9796, -0.0, -0.0)
upper_arm.R head (0.19, -0.0, 1.39) tail (0.1874, -0.1113, 1.6502) scale (1.0, 1.0, 1.0) rot (0.4978, 0.7578, -0.2359, -0.3497)
raw [(1552, (-0.12928572297096252, 0.0, 1.3616666793823242)), (1553, (-0.13063473999500275, -0.013560916297137737, 1.3627482652664185)), (1554, (-0.13496056199073792, -0.02644183300435543, 1.3651962280273438))]
ev [(1552, (-0.16027942299842834, 0.20395810902118683, 1.4485620260238647)), (1553, (-0.2040724754333496, 0.2058267891407013, 1.448937177658081)), (1554, (-0.24825173616409302, 0.1993870735168457, 1.4469311237335205))]
squat
clavicle.L head (-0.035, -0.0275, 1.0432) tail (-0.19, -0.0275, 1.0432) scale (1.0, 1.0, 1.0) rot (0.7036, 0.0706, -0.0706, 0.7036)
upper_arm.L head (-0.19, -0.0275, 1.0432) tail (-0.4238, -0.1674, 0.9667) scale (1.0, 1.0, 1.0) rot (0.3062, -0.8153, 0.3989, 0.2871)
forearm.L head (-0.4238, -0.1674, 0.9667) tail (-0.22, -0.24, 1.0) scale (1.0, 1.0, 1.0) rot (0.1423, 0.8129, 0.5603, -0.071)
hand.L head (-0.22, -0.24, 1.0) tail (-0.24, -0.26, 0.91) scale (1.0, 1.0, 1.0) rot (0.6277, -0.7599, -0.0, 0.1689)
thigh.L head (-0.1, 0.04, 0.6) tail (0.2232, -0.059, 0.3664) scale (1.0, 1.0, 1.0) rot (0.1439, -0.7285, -0.599, 0.2995)
shin.L head (0.2232, -0.059, 0.3664) tail (-0.11, 0.0, 0.0999) scale (1.0, 1.0, 1.0) rot (0.7129, -0.221, -0.2454, 0.6186)
foot.L head (-0.11, 0.0, 0.0999) tail (-0.11, -0.14, 0.0399) scale (1.0, 1.0, 1.0) rot (0.2011, -0.9796, -0.0, -0.0)
upper_arm.R head (0.19, -0.0275, 1.0432) tail (0.4238, -0.1674, 0.9667) scale (1.0, 1.0, 1.0) rot (0.3062, -0.8153, -0.3989, -0.2871)
raw [(1552, (-0.12928572297096252, 0.0, 1.3616666793823242)), (1553, (-0.13063473999500275, -0.013560916297137737, 1.3627482652664185)), (1554, (-0.13496056199073792, -0.02644183300435543, 1.3651962280273438))]
ev [(1552, (-0.04401111602783203, -0.18896615505218506, 0.9927108883857727)), (1553, (-0.049644291400909424, -0.20166778564453125, 1.0362584590911865)), (1554, (-0.061072349548339844, -0.20762085914611816, 1.0810563564300537))]
Blender 5.1.1
scripts disabled for "/home/morpheus/Documents/Morpheus-Produktion/Benchmarks/MorphRig/GPT-6.1-Sol/source/Operative.blend", skipping 'Operative_Animator_Panel.py'

Blender quit
