00:00.756  blend            | Read blend: "/home/morpheus/Documents/Morpheus-Produktion/Benchmarks/MorphRig/GPT-6.1-Sol/source/Operative.blend"
before
pelvis head (0.0, 0.04, 0.6) tail (0.0, 0.04, 0.71) scale (1.0, 0.9999998807907104, 0.9999998807907104)
CTRL_pelvis head (0.0, 0.04, 0.6) tail (0.0, 0.04, 0.71) scale (1.0, 0.9999998807907104, 0.9999998807907104)
thigh.L head (-0.1, 0.04, 0.6) tail (-0.18499, -0.30537, 0.39428) scale (1.0000022649765015, 1.0000040531158447, 1.0000072717666626)
shin.L head (-0.18499, -0.30537, 0.39428) tail (-0.11, 2e-05, 0.09994) scale (1.000002384185791, 1.0000038146972656, 1.0000083446502686)
foot.L head (-0.11, 2e-05, 0.09994) tail (-0.11, -0.13998, 0.03994) scale (1.000002384185791, 1.0000053644180298, 1.0000067949295044)
FK_thigh.L head (-0.1, 0.04, 0.6) tail (-0.11, 0.015, 0.19) scale (1.0000005960464478, 0.9999998807907104, 1.0000039339065552)
FK_shin.L head (-0.11, 0.015, 0.19) tail (-0.11, 0.04, -0.24) scale (1.0000007152557373, 1.0, 1.0000038146972656)
FK_foot.L head (-0.11, 0.04, -0.24) tail (-0.11, -0.1, -0.3) scale (1.0000007152557373, 1.0000032186508179, 1.0000005960464478)
IK_foot.L head (-0.11, 0.0, 0.1) tail (-0.11, -0.14, 0.04) scale (1.0, 1.0000001192092896, 1.0)
MCH_ankle.L head (-0.11, -0.0, 0.1) tail (-0.11, -0.14, 0.04) scale (1.0, 1.0, 0.9999998807907104)
fk
pelvis head (0.0, 0.04, 0.6) tail (0.0, 0.04, 0.71) scale (1.0, 0.9999998807907104, 0.9999998807907104)
CTRL_pelvis head (0.0, 0.04, 0.6) tail (0.0, 0.04, 0.71) scale (1.0, 0.9999998807907104, 0.9999998807907104)
thigh.L head (-0.1, 0.04, 0.6) tail (-0.23539, -0.28873, 0.39401) scale (1.0000028610229492, 1.0000042915344238, 1.0000065565109253)
shin.L head (-0.23539, -0.28873, 0.39401) tail (-0.11, -0.0, 0.1) scale (1.0000026226043701, 1.0000029802322388, 1.0000075101852417)
foot.L head (-0.11, -0.0, 0.1) tail (-0.11, -0.14, 0.04) scale (1.0000026226043701, 1.0000046491622925, 1.0000057220458984)
FK_thigh.L head (-0.1, 0.04, 0.6) tail (-0.18499, -0.30537, 0.39428) scale (1.000002145767212, 1.0000040531158447, 1.000007152557373)
FK_shin.L head (-0.18499, -0.30537, 0.39428) tail (-0.10999, 2e-05, 0.09994) scale (1.0000025033950806, 1.0000040531158447, 1.0000083446502686)
FK_foot.L head (-0.11, 2e-05, 0.09994) tail (-0.11, -0.13998, 0.03994) scale (1.000002384185791, 1.0000054836273193, 1.0000067949295044)
IK_foot.L head (-0.11, 0.0, 0.1) tail (-0.11, -0.14, 0.04) scale (1.0, 1.0000001192092896, 1.0)
MCH_ankle.L head (-0.11, -0.0, 0.1) tail (-0.11, -0.14, 0.04) scale (1.0, 1.0, 0.9999998807907104)
ik
pelvis head (0.0, 0.04, 0.6) tail (0.0, 0.04, 0.71) scale (1.0, 0.9999998807907104, 0.9999998807907104)
CTRL_pelvis head (0.0, 0.04, 0.6) tail (0.0, 0.04, 0.71) scale (1.0, 0.9999998807907104, 0.9999998807907104)
thigh.L head (-0.1, 0.04, 0.6) tail (-0.23538, -0.28873, 0.39401) scale (1.0000027418136597, 1.0000042915344238, 1.0000065565109253)
shin.L head (-0.23538, -0.28873, 0.39401) tail (-0.11, -0.0, 0.1) scale (1.000002384185791, 1.0000029802322388, 1.0000076293945312)
foot.L head (-0.11, -0.0, 0.1) tail (-0.11, -0.14, 0.04) scale (1.000002384185791, 1.000004768371582, 1.000005841255188)
FK_thigh.L head (-0.1, 0.04, 0.6) tail (-0.18499, -0.30537, 0.39428) scale (1.000002145767212, 1.0000040531158447, 1.000007152557373)
FK_shin.L head (-0.18499, -0.30537, 0.39428) tail (-0.10999, 2e-05, 0.09994) scale (1.0000025033950806, 1.0000040531158447, 1.0000083446502686)
FK_foot.L head (-0.11, 2e-05, 0.09994) tail (-0.11, -0.13998, 0.03994) scale (1.000002384185791, 1.0000054836273193, 1.0000067949295044)
IK_foot.L head (-0.11, -0.0, 0.1) tail (-0.11, -0.14, 0.04) scale (1.0000026226043701, 1.000004768371582, 1.0000056028366089)
MCH_ankle.L head (-0.11, -0.0, 0.1) tail (-0.11, -0.14, 0.04) scale (1.0000026226043701, 1.000004768371582, 1.0000054836273193)
Blender 5.1.1
scripts disabled for "/home/morpheus/Documents/Morpheus-Produktion/Benchmarks/MorphRig/GPT-6.1-Sol/source/Operative.blend", skipping 'Operative_Animator_Panel.py'

Blender quit
