00:00.455  blend            | Read blend: "/home/morpheus/Documents/Morpheus-Produktion/Benchmarks/MorphRig/GPT-6.1-Sol/source/Operative.blend"
Blender 5.1.1
scripts disabled for "/home/morpheus/Documents/Morpheus-Produktion/Benchmarks/MorphRig/GPT-6.1-Sol/source/Operative.blend", skipping 'Operative_Animator_Panel.py'
00:38.611  render           | Saved: '/home/morpheus/Documents/Morpheus-Produktion/Benchmarks/MorphRig/GPT-6.1-Sol/verification/qa_neutral.png'
00:39.176  render           | Saved: '/home/morpheus/Documents/Morpheus-Produktion/Benchmarks/MorphRig/GPT-6.1-Sol/verification/qa_overhead_reach.png'
00:39.741  render           | Saved: '/home/morpheus/Documents/Morpheus-Produktion/Benchmarks/MorphRig/GPT-6.1-Sol/verification/qa_deep_squat.png'
00:40.298  render           | Saved: '/home/morpheus/Documents/Morpheus-Produktion/Benchmarks/MorphRig/GPT-6.1-Sol/verification/qa_crossed_arm.png'
00:40.865  render           | Saved: '/home/morpheus/Documents/Morpheus-Produktion/Benchmarks/MorphRig/GPT-6.1-Sol/verification/qa_torso_twist.png'
00:41.422  render           | Saved: '/home/morpheus/Documents/Morpheus-Produktion/Benchmarks/MorphRig/GPT-6.1-Sol/verification/qa_kneeling.png'
00:41.985  render           | Saved: '/home/morpheus/Documents/Morpheus-Produktion/Benchmarks/MorphRig/GPT-6.1-Sol/verification/qa_hand_support.png'
00:42.549  render           | Saved: '/home/morpheus/Documents/Morpheus-Produktion/Benchmarks/MorphRig/GPT-6.1-Sol/verification/qa_closed_grip.png'
00:43.130  render           | Saved: '/home/morpheus/Documents/Morpheus-Produktion/Benchmarks/MorphRig/GPT-6.1-Sol/verification/qa_face_neutral.png'
00:43.690  render           | Saved: '/home/morpheus/Documents/Morpheus-Produktion/Benchmarks/MorphRig/GPT-6.1-Sol/verification/qa_face_joy_confidence.png'
00:44.289  render           | Saved: '/home/morpheus/Documents/Morpheus-Produktion/Benchmarks/MorphRig/GPT-6.1-Sol/verification/qa_face_anger.png'
00:44.867  render           | Saved: '/home/morpheus/Documents/Morpheus-Produktion/Benchmarks/MorphRig/GPT-6.1-Sol/verification/qa_face_concern_sadness.png'
00:45.451  render           | Saved: '/home/morpheus/Documents/Morpheus-Produktion/Benchmarks/MorphRig/GPT-6.1-Sol/verification/qa_face_surprise.png'
00:46.014  render           | Saved: '/home/morpheus/Documents/Morpheus-Produktion/Benchmarks/MorphRig/GPT-6.1-Sol/verification/qa_face_pain.png'
00:46.593  render           | Saved: '/home/morpheus/Documents/Morpheus-Produktion/Benchmarks/MorphRig/GPT-6.1-Sol/verification/qa_face_focus.png'
00:47.159  render           | Saved: '/home/morpheus/Documents/Morpheus-Produktion/Benchmarks/MorphRig/GPT-6.1-Sol/verification/qa_face_blink_left.png'
00:47.733  render           | Saved: '/home/morpheus/Documents/Morpheus-Produktion/Benchmarks/MorphRig/GPT-6.1-Sol/verification/qa_face_blink_both.png'
00:48.312  render           | Saved: '/home/morpheus/Documents/Morpheus-Produktion/Benchmarks/MorphRig/GPT-6.1-Sol/verification/qa_face_mouth_closed.png'
00:48.907  render           | Saved: '/home/morpheus/Documents/Morpheus-Produktion/Benchmarks/MorphRig/GPT-6.1-Sol/verification/qa_face_mouth_open.png'
00:49.476  render           | Saved: '/home/morpheus/Documents/Morpheus-Produktion/Benchmarks/MorphRig/GPT-6.1-Sol/verification/qa_face_pucker.png'
00:50.057  render           | Saved: '/home/morpheus/Documents/Morpheus-Produktion/Benchmarks/MorphRig/GPT-6.1-Sol/verification/qa_face_viseme_closure.png'
00:50.624  render           | Saved: '/home/morpheus/Documents/Morpheus-Produktion/Benchmarks/MorphRig/GPT-6.1-Sol/verification/qa_face_viseme_labiodental.png'
00:51.208  render           | Saved: '/home/morpheus/Documents/Morpheus-Produktion/Benchmarks/MorphRig/GPT-6.1-Sol/verification/qa_face_viseme_open.png'
00:51.778  render           | Saved: '/home/morpheus/Documents/Morpheus-Produktion/Benchmarks/MorphRig/GPT-6.1-Sol/verification/qa_face_viseme_wide.png'
00:52.363  render           | Saved: '/home/morpheus/Documents/Morpheus-Produktion/Benchmarks/MorphRig/GPT-6.1-Sol/verification/qa_face_viseme_round.png'
00:52.934  render           | Saved: '/home/morpheus/Documents/Morpheus-Produktion/Benchmarks/MorphRig/GPT-6.1-Sol/verification/qa_face_viseme_tongue.png'
00:53.513  render           | Saved: '/home/morpheus/Documents/Morpheus-Produktion/Benchmarks/MorphRig/GPT-6.1-Sol/verification/qa_face_viseme_consonant.png'
ASSET_VALIDATION {"pass": 615, "fail": 96} /home/morpheus/Documents/Morpheus-Produktion/Benchmarks/MorphRig/GPT-6.1-Sol/verification/qa_control_validation.json

Blender quit
