00:00.463  blend            | Read blend: "/home/morpheus/Documents/Morpheus-Produktion/Benchmarks/MorphRig/GPT-6.1-Sol/source/Operative.blend"
Blender 5.1.1
scripts disabled for "/home/morpheus/Documents/Morpheus-Produktion/Benchmarks/MorphRig/GPT-6.1-Sol/source/Operative.blend", skipping 'Operative_Animator_Panel.py'
00:03.330  render           | Saved: '/home/morpheus/Documents/Morpheus-Produktion/Benchmarks/MorphRig/GPT-6.1-Sol/verification/qa_neutral.png'
00:03.903  render           | Saved: '/home/morpheus/Documents/Morpheus-Produktion/Benchmarks/MorphRig/GPT-6.1-Sol/verification/qa_overhead_reach.png'
00:04.493  render           | Saved: '/home/morpheus/Documents/Morpheus-Produktion/Benchmarks/MorphRig/GPT-6.1-Sol/verification/qa_deep_squat.png'
00:05.071  render           | Saved: '/home/morpheus/Documents/Morpheus-Produktion/Benchmarks/MorphRig/GPT-6.1-Sol/verification/qa_crossed_arm.png'
00:05.645  render           | Saved: '/home/morpheus/Documents/Morpheus-Produktion/Benchmarks/MorphRig/GPT-6.1-Sol/verification/qa_torso_twist.png'
00:06.222  render           | Saved: '/home/morpheus/Documents/Morpheus-Produktion/Benchmarks/MorphRig/GPT-6.1-Sol/verification/qa_kneeling.png'
00:06.794  render           | Saved: '/home/morpheus/Documents/Morpheus-Produktion/Benchmarks/MorphRig/GPT-6.1-Sol/verification/qa_hand_support.png'
00:07.364  render           | Saved: '/home/morpheus/Documents/Morpheus-Produktion/Benchmarks/MorphRig/GPT-6.1-Sol/verification/qa_closed_grip.png'
00:07.976  render           | Saved: '/home/morpheus/Documents/Morpheus-Produktion/Benchmarks/MorphRig/GPT-6.1-Sol/verification/qa_face_neutral.png'
00:08.551  render           | Saved: '/home/morpheus/Documents/Morpheus-Produktion/Benchmarks/MorphRig/GPT-6.1-Sol/verification/qa_face_joy_confidence.png'
00:09.132  render           | Saved: '/home/morpheus/Documents/Morpheus-Produktion/Benchmarks/MorphRig/GPT-6.1-Sol/verification/qa_face_anger.png'
00:09.697  render           | Saved: '/home/morpheus/Documents/Morpheus-Produktion/Benchmarks/MorphRig/GPT-6.1-Sol/verification/qa_face_concern_sadness.png'
00:10.284  render           | Saved: '/home/morpheus/Documents/Morpheus-Produktion/Benchmarks/MorphRig/GPT-6.1-Sol/verification/qa_face_surprise.png'
00:10.858  render           | Saved: '/home/morpheus/Documents/Morpheus-Produktion/Benchmarks/MorphRig/GPT-6.1-Sol/verification/qa_face_pain.png'
00:11.445  render           | Saved: '/home/morpheus/Documents/Morpheus-Produktion/Benchmarks/MorphRig/GPT-6.1-Sol/verification/qa_face_focus.png'
00:12.020  render           | Saved: '/home/morpheus/Documents/Morpheus-Produktion/Benchmarks/MorphRig/GPT-6.1-Sol/verification/qa_face_blink_left.png'
00:12.603  render           | Saved: '/home/morpheus/Documents/Morpheus-Produktion/Benchmarks/MorphRig/GPT-6.1-Sol/verification/qa_face_blink_both.png'
00:13.181  render           | Saved: '/home/morpheus/Documents/Morpheus-Produktion/Benchmarks/MorphRig/GPT-6.1-Sol/verification/qa_face_mouth_closed.png'
00:13.762  render           | Saved: '/home/morpheus/Documents/Morpheus-Produktion/Benchmarks/MorphRig/GPT-6.1-Sol/verification/qa_face_mouth_open.png'
00:14.336  render           | Saved: '/home/morpheus/Documents/Morpheus-Produktion/Benchmarks/MorphRig/GPT-6.1-Sol/verification/qa_face_pucker.png'
ASSET_VALIDATION {"pass": 80, "fail": 5} /home/morpheus/Documents/Morpheus-Produktion/Benchmarks/MorphRig/GPT-6.1-Sol/verification/qa_preview_validation.json

Blender quit
